[2026-08-11 15:41:25] [INFO] [INITIALIZE] Kintsugi-GRC Scanner Engine audit session started. Audit log target: /Users/dennislay/Downloads/kintsugi-grc/kintsugi_scanner_audit.log
[2026-08-11 15:41:25] [INFO] [STARTUP] Target: /Users/dennislay/Downloads/kintsugi-grc/synthetic_test_env | Output: /Users/dennislay/Downloads/kintsugi-grc/scan_report.json
[2026-08-11 15:41:25] [INFO] [RULE_EVALUATION] Evaluated rule 'INSECURE_PASSWORD_POLICY_MAX_DAYS' on merchant_production_env/etc/login.defs -> Status: MEDIUM | Details: {'PASS_MAX_DAYS': 99999}
[2026-08-11 15:41:25] [INFO] [RULE_EVALUATION] Evaluated rule 'INSECURE_SYSTEM_ACCOUNT_HARDENING' on merchant_production_env/etc/passwd -> Status: HIGH | Details: {'active_shells': ['daemon:/bin/sh', 'bin:/bin/sh', 'sys:/bin/sh']}
[2026-08-11 15:41:25] [INFO] [RULE_EVALUATION] Evaluated rule 'INSECURE_SYSTEM_TLS_POLICY' on merchant_production_env/etc/ssl/openssl.cnf -> Status: HIGH | Details: {'MinProtocol': 'TLSv1.0', 'SECLEVEL': 0}
[2026-08-11 15:41:25] [INFO] [RULE_EVALUATION] Evaluated rule 'INSECURE_SSH_TRANSMISSION_PROTOCOL' on merchant_production_env/etc/ssh/sshd_config -> Status: HIGH | Details: {'issues': ['Protocol 1', 'Weak Ciphers (Blowfish/3DES)', 'Weak MACs (HMAC-MD5)']}
[2026-08-11 15:41:25] [INFO] [RULE_EVALUATION] Evaluated rule 'INSECURE_SYSTEM_TLS_POLICY' on merchant_production_env/etc/nginx/conf.d/ssl_policy.conf -> Status: HIGH | Details: {'protocols': 'TLSv1, TLSv1.1', 'ciphers': 'RC4, 3DES'}
[2026-08-11 15:41:25] [INFO] [RULE_EVALUATION] Evaluated rule 'INSECURE_SYSTEM_TLS_POLICY' on merchant_production_env/etc/registry/hklm_schannel_export.reg -> Status: HIGH | Details: {'schannel_protocol': 'TLS 1.0'}
[2026-08-11 15:41:25] [INFO] [RULE_EVALUATION] Evaluated rule 'INSECURE_SYSTEM_TLS_POLICY' on merchant_production_env/etc/crypto-policies/state/current -> Status: HIGH | Details: {'policy': 'LEGACY'}
[2026-08-11 15:41:25] [INFO] [RULE_EVALUATION] Evaluated rule 'INSECURE_PASSWORD_POLICY_MAX_DAYS' on banking_production_env/etc/login.defs -> Status: MEDIUM | Details: {'PASS_MAX_DAYS': 99999}
[2026-08-11 15:41:25] [INFO] [RULE_EVALUATION] Evaluated rule 'INSECURE_SYSTEM_ACCOUNT_HARDENING' on banking_production_env/etc/passwd -> Status: HIGH | Details: {'active_shells': ['daemon:/bin/sh', 'bin:/bin/sh', 'sys:/bin/sh']}
[2026-08-11 15:41:25] [INFO] [RULE_EVALUATION] Evaluated rule 'INSECURE_SYSTEM_TLS_POLICY' on banking_production_env/etc/ssl/openssl.cnf -> Status: HIGH | Details: {'MinProtocol': 'TLSv1.0', 'SECLEVEL': 0}
[2026-08-11 15:41:25] [INFO] [RULE_EVALUATION] Evaluated rule 'INSECURE_SSH_TRANSMISSION_PROTOCOL' on banking_production_env/etc/ssh/sshd_config -> Status: HIGH | Details: {'issues': ['Protocol 1', 'Weak Ciphers (Blowfish/3DES)', 'Weak MACs (HMAC-MD5)']}
[2026-08-11 15:41:25] [INFO] [RULE_EVALUATION] Evaluated rule 'INSECURE_SYSTEM_TLS_POLICY' on banking_production_env/etc/nginx/conf.d/ssl_policy.conf -> Status: HIGH | Details: {'protocols': 'TLSv1, TLSv1.1', 'ciphers': 'RC4, 3DES'}
[2026-08-11 15:41:25] [INFO] [RULE_EVALUATION] Evaluated rule 'INSECURE_SYSTEM_TLS_POLICY' on banking_production_env/etc/registry/hklm_schannel_export.reg -> Status: HIGH | Details: {'schannel_protocol': 'TLS 1.0'}
[2026-08-11 15:41:25] [INFO] [RULE_EVALUATION] Evaluated rule 'INSECURE_SYSTEM_TLS_POLICY' on banking_production_env/etc/crypto-policies/state/current -> Status: HIGH | Details: {'policy': 'LEGACY'}
[2026-08-11 15:41:25] [INFO] [RULE_EVALUATION] Evaluated rule 'INSECURE_PASSWORD_POLICY_MAX_DAYS' on finance_production_env/etc/login.defs -> Status: MEDIUM | Details: {'PASS_MAX_DAYS': 99999}
[2026-08-11 15:41:25] [INFO] [RULE_EVALUATION] Evaluated rule 'INSECURE_SYSTEM_ACCOUNT_HARDENING' on finance_production_env/etc/passwd -> Status: HIGH | Details: {'active_shells': ['daemon:/bin/sh', 'bin:/bin/sh', 'sys:/bin/sh']}
[2026-08-11 15:41:25] [INFO] [RULE_EVALUATION] Evaluated rule 'INSECURE_SYSTEM_TLS_POLICY' on finance_production_env/etc/ssl/openssl.cnf -> Status: HIGH | Details: {'MinProtocol': 'TLSv1.0', 'SECLEVEL': 0}
[2026-08-11 15:41:25] [INFO] [RULE_EVALUATION] Evaluated rule 'INSECURE_SSH_TRANSMISSION_PROTOCOL' on finance_production_env/etc/ssh/sshd_config -> Status: HIGH | Details: {'issues': ['Protocol 1', 'Weak Ciphers (Blowfish/3DES)', 'Weak MACs (HMAC-MD5)']}
[2026-08-11 15:41:25] [INFO] [RULE_EVALUATION] Evaluated rule 'INSECURE_SYSTEM_TLS_POLICY' on finance_production_env/etc/nginx/conf.d/ssl_policy.conf -> Status: HIGH | Details: {'protocols': 'TLSv1, TLSv1.1', 'ciphers': 'RC4, 3DES'}
[2026-08-11 15:41:25] [INFO] [RULE_EVALUATION] Evaluated rule 'INSECURE_SYSTEM_TLS_POLICY' on finance_production_env/etc/registry/hklm_schannel_export.reg -> Status: HIGH | Details: {'schannel_protocol': 'TLS 1.0'}
[2026-08-11 15:41:25] [INFO] [RULE_EVALUATION] Evaluated rule 'INSECURE_SYSTEM_TLS_POLICY' on finance_production_env/etc/crypto-policies/state/current -> Status: HIGH | Details: {'policy': 'LEGACY'}
[2026-08-11 15:41:25] [INFO] [RULE_EVALUATION] Evaluated rule 'INSECURE_PASSWORD_POLICY_MAX_DAYS' on healthcare_production_env/etc/login.defs -> Status: MEDIUM | Details: {'PASS_MAX_DAYS': 99999}
[2026-08-11 15:41:25] [INFO] [RULE_EVALUATION] Evaluated rule 'INSECURE_SYSTEM_ACCOUNT_HARDENING' on healthcare_production_env/etc/passwd -> Status: HIGH | Details: {'active_shells': ['daemon:/bin/sh', 'bin:/bin/sh', 'sys:/bin/sh']}
[2026-08-11 15:41:25] [INFO] [RULE_EVALUATION] Evaluated rule 'INSECURE_SYSTEM_TLS_POLICY' on healthcare_production_env/etc/ssl/openssl.cnf -> Status: HIGH | Details: {'MinProtocol': 'TLSv1.0', 'SECLEVEL': 0}
[2026-08-11 15:41:25] [INFO] [RULE_EVALUATION] Evaluated rule 'INSECURE_SSH_TRANSMISSION_PROTOCOL' on healthcare_production_env/etc/ssh/sshd_config -> Status: HIGH | Details: {'issues': ['Protocol 1', 'Weak Ciphers (Blowfish/3DES)', 'Weak MACs (HMAC-MD5)']}
[2026-08-11 15:41:25] [INFO] [RULE_EVALUATION] Evaluated rule 'INSECURE_SYSTEM_TLS_POLICY' on healthcare_production_env/etc/nginx/conf.d/ssl_policy.conf -> Status: HIGH | Details: {'protocols': 'TLSv1, TLSv1.1', 'ciphers': 'RC4, 3DES'}
[2026-08-11 15:41:25] [INFO] [RULE_EVALUATION] Evaluated rule 'INSECURE_SYSTEM_TLS_POLICY' on healthcare_production_env/etc/registry/hklm_schannel_export.reg -> Status: HIGH | Details: {'schannel_protocol': 'TLS 1.0'}
[2026-08-11 15:41:25] [INFO] [RULE_EVALUATION] Evaluated rule 'INSECURE_SYSTEM_TLS_POLICY' on healthcare_production_env/etc/crypto-policies/state/current -> Status: HIGH | Details: {'policy': 'LEGACY'}
[2026-08-11 15:41:25] [INFO] [ACCESS_TRAVERSE] Traversed directory: /Users/dennislay/Downloads/kintsugi-grc/synthetic_test_env (3 children found) | Details: {'dir': '/Users/dennislay/Downloads/kintsugi-grc/synthetic_test_env', 'children': 3}
[2026-08-11 15:41:25] [INFO] [ACCESS_TRAVERSE] Traversed directory: /Users/dennislay/Downloads/kintsugi-grc/synthetic_test_env/merchant_production_env (1 children found) | Details: {'dir': '/Users/dennislay/Downloads/kintsugi-grc/synthetic_test_env/merchant_production_env', 'children': 1}
[2026-08-11 15:41:25] [INFO] [ACCESS_TRAVERSE] Traversed directory: /Users/dennislay/Downloads/kintsugi-grc/synthetic_test_env/merchant_production_env/marketing_assets (2 children found) | Details: {'dir': '/Users/dennislay/Downloads/kintsugi-grc/synthetic_test_env/merchant_production_env/marketing_assets', 'children': 2}
[2026-08-11 15:41:25] [INFO] [ACCESS_READ] Read 131101 bytes from file: /Users/dennislay/Downloads/kintsugi-grc/synthetic_test_env/merchant_production_env/marketing_assets/chest_xray_20260810_001.png | Details: {'bytes': 131101, 'permissions': '0o644'}
[2026-08-11 15:41:25] [INFO] [ACCESS_READ] Read 131092 bytes from file: /Users/dennislay/Downloads/kintsugi-grc/synthetic_test_env/merchant_production_env/marketing_assets/brain_mri_patient_9021.jpg | Details: {'bytes': 131092, 'permissions': '0o644'}
[2026-08-11 15:41:25] [INFO] [ACCESS_TRAVERSE] Traversed directory: /Users/dennislay/Downloads/kintsugi-grc/synthetic_test_env/merchant_production_env/e_commerce_backend (1 children found) | Details: {'dir': '/Users/dennislay/Downloads/kintsugi-grc/synthetic_test_env/merchant_production_env/e_commerce_backend', 'children': 1}
[2026-08-11 15:41:25] [INFO] [ACCESS_READ] Read 469 bytes from file: /Users/dennislay/Downloads/kintsugi-grc/synthetic_test_env/merchant_production_env/e_commerce_backend/payment_gateway_config.json | Details: {'bytes': 469, 'permissions': '0o644'}
[2026-08-11 15:41:25] [INFO] [ACCESS_TRAVERSE] Traversed directory: /Users/dennislay/Downloads/kintsugi-grc/synthetic_test_env/merchant_production_env/etc (3 children found) | Details: {'dir': '/Users/dennislay/Downloads/kintsugi-grc/synthetic_test_env/merchant_production_env/etc', 'children': 3}
[2026-08-11 15:41:25] [INFO] [ACCESS_READ] Read 53 bytes from file: /Users/dennislay/Downloads/kintsugi-grc/synthetic_test_env/merchant_production_env/etc/group | Details: {'bytes': 53, 'permissions': '0o644'}
[2026-08-11 15:41:25] [INFO] [ACCESS_READ] Read 52 bytes from file: /Users/dennislay/Downloads/kintsugi-grc/synthetic_test_env/merchant_production_env/etc/login.defs | Details: {'bytes': 52, 'permissions': '0o644'}
[2026-08-11 15:41:25] [INFO] [ACCESS_READ] Read 179 bytes from file: /Users/dennislay/Downloads/kintsugi-grc/synthetic_test_env/merchant_production_env/etc/passwd | Details: {'bytes': 179, 'permissions': '0o644'}
[2026-08-11 15:41:25] [INFO] [ACCESS_TRAVERSE] Traversed directory: /Users/dennislay/Downloads/kintsugi-grc/synthetic_test_env/merchant_production_env/etc/ssl (1 children found) | Details: {'dir': '/Users/dennislay/Downloads/kintsugi-grc/synthetic_test_env/merchant_production_env/etc/ssl', 'children': 1}
[2026-08-11 15:41:25] [INFO] [ACCESS_READ] Read 262 bytes from file: /Users/dennislay/Downloads/kintsugi-grc/synthetic_test_env/merchant_production_env/etc/ssl/openssl.cnf | Details: {'bytes': 262, 'permissions': '0o644'}
[2026-08-11 15:41:25] [INFO] [ACCESS_TRAVERSE] Traversed directory: /Users/dennislay/Downloads/kintsugi-grc/synthetic_test_env/merchant_production_env/etc/ad (2 children found) | Details: {'dir': '/Users/dennislay/Downloads/kintsugi-grc/synthetic_test_env/merchant_production_env/etc/ad', 'children': 2}
[2026-08-11 15:41:25] [INFO] [ACCESS_READ] Read 1638 bytes from file: /Users/dennislay/Downloads/kintsugi-grc/synthetic_test_env/merchant_production_env/etc/ad/ad_sid_uid_map.json | Details: {'bytes': 1638, 'permissions': '0o644'}
[2026-08-11 15:41:25] [INFO] [ACCESS_READ] Read 1993 bytes from file: /Users/dennislay/Downloads/kintsugi-grc/synthetic_test_env/merchant_production_env/etc/ad/ad_users_export.csv | Details: {'bytes': 1993, 'permissions': '0o644'}
[2026-08-11 15:41:25] [INFO] [ACCESS_TRAVERSE] Traversed directory: /Users/dennislay/Downloads/kintsugi-grc/synthetic_test_env/merchant_production_env/etc/security (1 children found) | Details: {'dir': '/Users/dennislay/Downloads/kintsugi-grc/synthetic_test_env/merchant_production_env/etc/security', 'children': 1}
[2026-08-11 15:41:25] [INFO] [ACCESS_READ] Read 392 bytes from file: /Users/dennislay/Downloads/kintsugi-grc/synthetic_test_env/merchant_production_env/etc/security/schannel_tls_policy.json | Details: {'bytes': 392, 'permissions': '0o644'}
[2026-08-11 15:41:25] [INFO] [ACCESS_TRAVERSE] Traversed directory: /Users/dennislay/Downloads/kintsugi-grc/synthetic_test_env/merchant_production_env/etc/ssh (1 children found) | Details: {'dir': '/Users/dennislay/Downloads/kintsugi-grc/synthetic_test_env/merchant_production_env/etc/ssh', 'children': 1}
[2026-08-11 15:41:25] [INFO] [ACCESS_READ] Read 181 bytes from file: /Users/dennislay/Downloads/kintsugi-grc/synthetic_test_env/merchant_production_env/etc/ssh/sshd_config | Details: {'bytes': 181, 'permissions': '0o644'}
[2026-08-11 15:41:25] [INFO] [ACCESS_TRAVERSE] Traversed directory: /Users/dennislay/Downloads/kintsugi-grc/synthetic_test_env/merchant_production_env/etc/nginx (0 children found) | Details: {'dir': '/Users/dennislay/Downloads/kintsugi-grc/synthetic_test_env/merchant_production_env/etc/nginx', 'children': 0}
[2026-08-11 15:41:25] [INFO] [ACCESS_TRAVERSE] Traversed directory: /Users/dennislay/Downloads/kintsugi-grc/synthetic_test_env/merchant_production_env/etc/nginx/conf.d (1 children found) | Details: {'dir': '/Users/dennislay/Downloads/kintsugi-grc/synthetic_test_env/merchant_production_env/etc/nginx/conf.d', 'children': 1}
[2026-08-11 15:41:25] [INFO] [ACCESS_READ] Read 196 bytes from file: /Users/dennislay/Downloads/kintsugi-grc/synthetic_test_env/merchant_production_env/etc/nginx/conf.d/ssl_policy.conf | Details: {'bytes': 196, 'permissions': '0o644'}
[2026-08-11 15:41:25] [INFO] [ACCESS_TRAVERSE] Traversed directory: /Users/dennislay/Downloads/kintsugi-grc/synthetic_test_env/merchant_production_env/etc/registry (1 children found) | Details: {'dir': '/Users/dennislay/Downloads/kintsugi-grc/synthetic_test_env/merchant_production_env/etc/registry', 'children': 1}
[2026-08-11 15:41:25] [INFO] [ACCESS_READ] Read 498 bytes from file: /Users/dennislay/Downloads/kintsugi-grc/synthetic_test_env/merchant_production_env/etc/registry/hklm_schannel_export.reg | Details: {'bytes': 498, 'permissions': '0o644'}
[2026-08-11 15:41:25] [INFO] [ACCESS_TRAVERSE] Traversed directory: /Users/dennislay/Downloads/kintsugi-grc/synthetic_test_env/merchant_production_env/etc/crypto-policies (0 children found) | Details: {'dir': '/Users/dennislay/Downloads/kintsugi-grc/synthetic_test_env/merchant_production_env/etc/crypto-policies', 'children': 0}
[2026-08-11 15:41:25] [INFO] [ACCESS_TRAVERSE] Traversed directory: /Users/dennislay/Downloads/kintsugi-grc/synthetic_test_env/merchant_production_env/etc/crypto-policies/state (1 children found) | Details: {'dir': '/Users/dennislay/Downloads/kintsugi-grc/synthetic_test_env/merchant_production_env/etc/crypto-policies/state', 'children': 1}
[2026-08-11 15:41:25] [INFO] [ACCESS_READ] Read 7 bytes from file: /Users/dennislay/Downloads/kintsugi-grc/synthetic_test_env/merchant_production_env/etc/crypto-policies/state/current | Details: {'bytes': 7, 'permissions': '0o644'}
[2026-08-11 15:41:25] [INFO] [ACCESS_TRAVERSE] Traversed directory: /Users/dennislay/Downloads/kintsugi-grc/synthetic_test_env/merchant_production_env/var (0 children found) | Details: {'dir': '/Users/dennislay/Downloads/kintsugi-grc/synthetic_test_env/merchant_production_env/var', 'children': 0}
[2026-08-11 15:41:25] [INFO] [ACCESS_TRAVERSE] Traversed directory: /Users/dennislay/Downloads/kintsugi-grc/synthetic_test_env/merchant_production_env/var/log (0 children found) | Details: {'dir': '/Users/dennislay/Downloads/kintsugi-grc/synthetic_test_env/merchant_production_env/var/log', 'children': 0}
[2026-08-11 15:41:25] [INFO] [ACCESS_TRAVERSE] Traversed directory: /Users/dennislay/Downloads/kintsugi-grc/synthetic_test_env/merchant_production_env/var/log/audit (1 children found) | Details: {'dir': '/Users/dennislay/Downloads/kintsugi-grc/synthetic_test_env/merchant_production_env/var/log/audit', 'children': 1}
[2026-08-11 15:41:25] [INFO] [ACCESS_READ] Read 7100 bytes from file: /Users/dennislay/Downloads/kintsugi-grc/synthetic_test_env/merchant_production_env/var/log/audit/audit.log | Details: {'bytes': 7100, 'permissions': '0o666'}
[2026-08-11 15:41:25] [INFO] [RULE_EVALUATION] Evaluated rule 'INSECURE_AUDIT_LOG_PERMISSIONS' on /Users/dennislay/Downloads/kintsugi-grc/synthetic_test_env/merchant_production_env/var/log/audit/audit.log -> Status: HIGH | Details: {'mode': '0o666'}
[2026-08-11 15:41:25] [INFO] [ACCESS_TRAVERSE] Traversed directory: /Users/dennislay/Downloads/kintsugi-grc/synthetic_test_env/merchant_production_env/point_of_sale (3 children found) | Details: {'dir': '/Users/dennislay/Downloads/kintsugi-grc/synthetic_test_env/merchant_production_env/point_of_sale', 'children': 3}
[2026-08-11 15:41:25] [INFO] [ACCESS_READ] Read 8090 bytes from file: /Users/dennislay/Downloads/kintsugi-grc/synthetic_test_env/merchant_production_env/point_of_sale/terminal_buffer_debug.log | Details: {'bytes': 8090, 'permissions': '0o777'}
[2026-08-11 15:41:25] [INFO] [RULE_EVALUATION] Evaluated rule 'PERMISSIVE_ACCESS_CONTROL_WORLD_WRITABLE' on /Users/dennislay/Downloads/kintsugi-grc/synthetic_test_env/merchant_production_env/point_of_sale/terminal_buffer_debug.log -> Status: CRITICAL | Details: {'mode': '0o777', 'uid': '501'}
[2026-08-11 15:41:25] [INFO] [RULE_EVALUATION] Evaluated rule 'UNENCRYPTED_SENSITIVE_DATA_PHI_PAN' on /Users/dennislay/Downloads/kintsugi-grc/synthetic_test_env/merchant_production_env/point_of_sale/terminal_buffer_debug.log -> Status: CRITICAL | Details: {'pans': 200, 'ssns': 0}
[2026-08-11 15:41:25] [INFO] [ACCESS_READ] Read 2804 bytes from file: /Users/dennislay/Downloads/kintsugi-grc/synthetic_test_env/merchant_production_env/point_of_sale/merchant_copay_ledger.csv | Details: {'bytes': 2804, 'permissions': '0o777'}
[2026-08-11 15:41:25] [INFO] [RULE_EVALUATION] Evaluated rule 'PERMISSIVE_ACCESS_CONTROL_WORLD_WRITABLE' on /Users/dennislay/Downloads/kintsugi-grc/synthetic_test_env/merchant_production_env/point_of_sale/merchant_copay_ledger.csv -> Status: CRITICAL | Details: {'mode': '0o777', 'uid': '501'}
[2026-08-11 15:41:25] [INFO] [RULE_EVALUATION] Evaluated rule 'UNENCRYPTED_SENSITIVE_DATA_PHI_PAN' on /Users/dennislay/Downloads/kintsugi-grc/synthetic_test_env/merchant_production_env/point_of_sale/merchant_copay_ledger.csv -> Status: CRITICAL | Details: {'pans': 50, 'ssns': 50}
[2026-08-11 15:41:25] [INFO] [ACCESS_READ] Read 122866 bytes from file: /Users/dennislay/Downloads/kintsugi-grc/synthetic_test_env/merchant_production_env/point_of_sale/daily_pos_settlement_20260810.db | Details: {'bytes': 122866, 'permissions': '0o600'}
[2026-08-11 15:41:25] [INFO] [RULE_EVALUATION] Evaluated rule 'ENCRYPTED_COMPLIANT_AES_256_CBC' on /Users/dennislay/Downloads/kintsugi-grc/synthetic_test_env/merchant_production_env/point_of_sale/daily_pos_settlement_20260810.db -> Status: PASS | Details: {'entropy': 7.998}
[2026-08-11 15:41:25] [INFO] [ACCESS_TRAVERSE] Traversed directory: /Users/dennislay/Downloads/kintsugi-grc/synthetic_test_env/merchant_production_env/inventory_control (2 children found) | Details: {'dir': '/Users/dennislay/Downloads/kintsugi-grc/synthetic_test_env/merchant_production_env/inventory_control', 'children': 2}
[2026-08-11 15:41:25] [INFO] [ACCESS_READ] Read 543 bytes from file: /Users/dennislay/Downloads/kintsugi-grc/synthetic_test_env/merchant_production_env/inventory_control/audit_log_archive.csv.zlib | Details: {'bytes': 543, 'permissions': '0o640'}
[2026-08-11 15:41:25] [INFO] [RULE_EVALUATION] Evaluated rule 'UNENCRYPTED_RAW_ZLIB_STREAM' on /Users/dennislay/Downloads/kintsugi-grc/synthetic_test_env/merchant_production_env/inventory_control/audit_log_archive.csv.zlib -> Status: HIGH | Details: {'entropy': 3.9}
[2026-08-11 15:41:25] [INFO] [ACCESS_READ] Read 3433 bytes from file: /Users/dennislay/Downloads/kintsugi-grc/synthetic_test_env/merchant_production_env/inventory_control/unencrypted_patient_export.zip | Details: {'bytes': 3433, 'permissions': '0o644'}
[2026-08-11 15:41:25] [INFO] [RULE_EVALUATION] Evaluated rule 'UNENCRYPTED_SENSITIVE_DATA_PHI_PAN' on /Users/dennislay/Downloads/kintsugi-grc/synthetic_test_env/merchant_production_env/inventory_control/unencrypted_patient_export.zip -> Status: CRITICAL | Details: {'files': ['cleartext_patient_records.csv']}
[2026-08-11 15:41:25] [INFO] [ACCESS_TRAVERSE] Traversed directory: /Users/dennislay/Downloads/kintsugi-grc/synthetic_test_env/banking_production_env (1 children found) | Details: {'dir': '/Users/dennislay/Downloads/kintsugi-grc/synthetic_test_env/banking_production_env', 'children': 1}
[2026-08-11 15:41:25] [INFO] [ACCESS_TRAVERSE] Traversed directory: /Users/dennislay/Downloads/kintsugi-grc/synthetic_test_env/banking_production_env/core_ledger (1 children found) | Details: {'dir': '/Users/dennislay/Downloads/kintsugi-grc/synthetic_test_env/banking_production_env/core_ledger', 'children': 1}
[2026-08-11 15:41:25] [INFO] [ACCESS_READ] Read 2809 bytes from file: /Users/dennislay/Downloads/kintsugi-grc/synthetic_test_env/banking_production_env/core_ledger/merchant_copay_ledger.csv | Details: {'bytes': 2809, 'permissions': '0o777'}
[2026-08-11 15:41:25] [INFO] [RULE_EVALUATION] Evaluated rule 'PERMISSIVE_ACCESS_CONTROL_WORLD_WRITABLE' on /Users/dennislay/Downloads/kintsugi-grc/synthetic_test_env/banking_production_env/core_ledger/merchant_copay_ledger.csv -> Status: CRITICAL | Details: {'mode': '0o777', 'uid': '501'}
[2026-08-11 15:41:25] [INFO] [RULE_EVALUATION] Evaluated rule 'UNENCRYPTED_SENSITIVE_DATA_PHI_PAN' on /Users/dennislay/Downloads/kintsugi-grc/synthetic_test_env/banking_production_env/core_ledger/merchant_copay_ledger.csv -> Status: CRITICAL | Details: {'pans': 50, 'ssns': 50}
[2026-08-11 15:41:25] [INFO] [ACCESS_TRAVERSE] Traversed directory: /Users/dennislay/Downloads/kintsugi-grc/synthetic_test_env/banking_production_env/wire_transfers (2 children found) | Details: {'dir': '/Users/dennislay/Downloads/kintsugi-grc/synthetic_test_env/banking_production_env/wire_transfers', 'children': 2}
[2026-08-11 15:41:25] [INFO] [ACCESS_READ] Read 147426 bytes from file: /Users/dennislay/Downloads/kintsugi-grc/synthetic_test_env/banking_production_env/wire_transfers/swift_wire_batch_20260810.dat | Details: {'bytes': 147426, 'permissions': '0o600'}
[2026-08-11 15:41:25] [INFO] [RULE_EVALUATION] Evaluated rule 'ENCRYPTED_COMPLIANT_AES_256_CBC' on /Users/dennislay/Downloads/kintsugi-grc/synthetic_test_env/banking_production_env/wire_transfers/swift_wire_batch_20260810.dat -> Status: PASS | Details: {'entropy': 7.999}
[2026-08-11 15:41:25] [INFO] [ACCESS_READ] Read 3216 bytes from file: /Users/dennislay/Downloads/kintsugi-grc/synthetic_test_env/banking_production_env/wire_transfers/ach_settlement_log.csv | Details: {'bytes': 3216, 'permissions': '0o644'}
[2026-08-11 15:41:25] [INFO] [RULE_EVALUATION] Evaluated rule 'INSECURE_AES_ECB_BLOCK_PATTERN_LEAK' on /Users/dennislay/Downloads/kintsugi-grc/synthetic_test_env/banking_production_env/wire_transfers/ach_settlement_log.csv -> Status: HIGH | Details: {'unique_blocks': 2}
[2026-08-11 15:41:25] [INFO] [ACCESS_TRAVERSE] Traversed directory: /Users/dennislay/Downloads/kintsugi-grc/synthetic_test_env/banking_production_env/system_backups (3 children found) | Details: {'dir': '/Users/dennislay/Downloads/kintsugi-grc/synthetic_test_env/banking_production_env/system_backups', 'children': 3}
[2026-08-11 15:41:25] [INFO] [ACCESS_READ] Read 543 bytes from file: /Users/dennislay/Downloads/kintsugi-grc/synthetic_test_env/banking_production_env/system_backups/audit_log_archive.csv.zlib | Details: {'bytes': 543, 'permissions': '0o640'}
[2026-08-11 15:41:25] [INFO] [RULE_EVALUATION] Evaluated rule 'UNENCRYPTED_RAW_ZLIB_STREAM' on /Users/dennislay/Downloads/kintsugi-grc/synthetic_test_env/banking_production_env/system_backups/audit_log_archive.csv.zlib -> Status: HIGH | Details: {'entropy': 3.9}
[2026-08-11 15:41:25] [INFO] [ACCESS_READ] Read 3417 bytes from file: /Users/dennislay/Downloads/kintsugi-grc/synthetic_test_env/banking_production_env/system_backups/unencrypted_patient_export.zip | Details: {'bytes': 3417, 'permissions': '0o644'}
[2026-08-11 15:41:25] [INFO] [RULE_EVALUATION] Evaluated rule 'UNENCRYPTED_SENSITIVE_DATA_PHI_PAN' on /Users/dennislay/Downloads/kintsugi-grc/synthetic_test_env/banking_production_env/system_backups/unencrypted_patient_export.zip -> Status: CRITICAL | Details: {'files': ['cleartext_patient_records.csv']}
[2026-08-11 15:41:25] [INFO] [ACCESS_READ] Read 10341 bytes from file: /Users/dennislay/Downloads/kintsugi-grc/synthetic_test_env/banking_production_env/system_backups/decompression_safety_check.zip | Details: {'bytes': 10341, 'permissions': '0o644'}
[2026-08-11 15:41:25] [INFO] [RULE_EVALUATION] Evaluated rule 'DECOMPRESSION_SAFETY_BOMB_TEST' on /Users/dennislay/Downloads/kintsugi-grc/synthetic_test_env/banking_production_env/system_backups/decompression_safety_check.zip -> Status: MEDIUM | Details: {'compressed_bytes': 10341, 'uncompressed_bytes': 10485760, 'ratio': 1014.0}
[2026-08-11 15:41:25] [INFO] [ACCESS_TRAVERSE] Traversed directory: /Users/dennislay/Downloads/kintsugi-grc/synthetic_test_env/banking_production_env/etc (3 children found) | Details: {'dir': '/Users/dennislay/Downloads/kintsugi-grc/synthetic_test_env/banking_production_env/etc', 'children': 3}
[2026-08-11 15:41:25] [INFO] [ACCESS_READ] Read 53 bytes from file: /Users/dennislay/Downloads/kintsugi-grc/synthetic_test_env/banking_production_env/etc/group | Details: {'bytes': 53, 'permissions': '0o644'}
[2026-08-11 15:41:25] [INFO] [ACCESS_READ] Read 52 bytes from file: /Users/dennislay/Downloads/kintsugi-grc/synthetic_test_env/banking_production_env/etc/login.defs | Details: {'bytes': 52, 'permissions': '0o644'}
[2026-08-11 15:41:25] [INFO] [ACCESS_READ] Read 179 bytes from file: /Users/dennislay/Downloads/kintsugi-grc/synthetic_test_env/banking_production_env/etc/passwd | Details: {'bytes': 179, 'permissions': '0o644'}
[2026-08-11 15:41:25] [INFO] [ACCESS_TRAVERSE] Traversed directory: /Users/dennislay/Downloads/kintsugi-grc/synthetic_test_env/banking_production_env/etc/ssl (1 children found) | Details: {'dir': '/Users/dennislay/Downloads/kintsugi-grc/synthetic_test_env/banking_production_env/etc/ssl', 'children': 1}
[2026-08-11 15:41:25] [INFO] [ACCESS_READ] Read 262 bytes from file: /Users/dennislay/Downloads/kintsugi-grc/synthetic_test_env/banking_production_env/etc/ssl/openssl.cnf | Details: {'bytes': 262, 'permissions': '0o644'}
[2026-08-11 15:41:25] [INFO] [ACCESS_TRAVERSE] Traversed directory: /Users/dennislay/Downloads/kintsugi-grc/synthetic_test_env/banking_production_env/etc/ad (2 children found) | Details: {'dir': '/Users/dennislay/Downloads/kintsugi-grc/synthetic_test_env/banking_production_env/etc/ad', 'children': 2}
[2026-08-11 15:41:25] [INFO] [ACCESS_READ] Read 1638 bytes from file: /Users/dennislay/Downloads/kintsugi-grc/synthetic_test_env/banking_production_env/etc/ad/ad_sid_uid_map.json | Details: {'bytes': 1638, 'permissions': '0o644'}
[2026-08-11 15:41:25] [INFO] [ACCESS_READ] Read 1993 bytes from file: /Users/dennislay/Downloads/kintsugi-grc/synthetic_test_env/banking_production_env/etc/ad/ad_users_export.csv | Details: {'bytes': 1993, 'permissions': '0o644'}
[2026-08-11 15:41:25] [INFO] [ACCESS_TRAVERSE] Traversed directory: /Users/dennislay/Downloads/kintsugi-grc/synthetic_test_env/banking_production_env/etc/security (1 children found) | Details: {'dir': '/Users/dennislay/Downloads/kintsugi-grc/synthetic_test_env/banking_production_env/etc/security', 'children': 1}
[2026-08-11 15:41:25] [INFO] [ACCESS_READ] Read 392 bytes from file: /Users/dennislay/Downloads/kintsugi-grc/synthetic_test_env/banking_production_env/etc/security/schannel_tls_policy.json | Details: {'bytes': 392, 'permissions': '0o644'}
[2026-08-11 15:41:25] [INFO] [ACCESS_TRAVERSE] Traversed directory: /Users/dennislay/Downloads/kintsugi-grc/synthetic_test_env/banking_production_env/etc/ssh (1 children found) | Details: {'dir': '/Users/dennislay/Downloads/kintsugi-grc/synthetic_test_env/banking_production_env/etc/ssh', 'children': 1}
[2026-08-11 15:41:25] [INFO] [ACCESS_READ] Read 181 bytes from file: /Users/dennislay/Downloads/kintsugi-grc/synthetic_test_env/banking_production_env/etc/ssh/sshd_config | Details: {'bytes': 181, 'permissions': '0o644'}
[2026-08-11 15:41:25] [INFO] [ACCESS_TRAVERSE] Traversed directory: /Users/dennislay/Downloads/kintsugi-grc/synthetic_test_env/banking_production_env/etc/nginx (0 children found) | Details: {'dir': '/Users/dennislay/Downloads/kintsugi-grc/synthetic_test_env/banking_production_env/etc/nginx', 'children': 0}
[2026-08-11 15:41:25] [INFO] [ACCESS_TRAVERSE] Traversed directory: /Users/dennislay/Downloads/kintsugi-grc/synthetic_test_env/banking_production_env/etc/nginx/conf.d (1 children found) | Details: {'dir': '/Users/dennislay/Downloads/kintsugi-grc/synthetic_test_env/banking_production_env/etc/nginx/conf.d', 'children': 1}
[2026-08-11 15:41:25] [INFO] [ACCESS_READ] Read 196 bytes from file: /Users/dennislay/Downloads/kintsugi-grc/synthetic_test_env/banking_production_env/etc/nginx/conf.d/ssl_policy.conf | Details: {'bytes': 196, 'permissions': '0o644'}
[2026-08-11 15:41:25] [INFO] [ACCESS_TRAVERSE] Traversed directory: /Users/dennislay/Downloads/kintsugi-grc/synthetic_test_env/banking_production_env/etc/registry (1 children found) | Details: {'dir': '/Users/dennislay/Downloads/kintsugi-grc/synthetic_test_env/banking_production_env/etc/registry', 'children': 1}
[2026-08-11 15:41:25] [INFO] [ACCESS_READ] Read 498 bytes from file: /Users/dennislay/Downloads/kintsugi-grc/synthetic_test_env/banking_production_env/etc/registry/hklm_schannel_export.reg | Details: {'bytes': 498, 'permissions': '0o644'}
[2026-08-11 15:41:25] [INFO] [ACCESS_TRAVERSE] Traversed directory: /Users/dennislay/Downloads/kintsugi-grc/synthetic_test_env/banking_production_env/etc/crypto-policies (0 children found) | Details: {'dir': '/Users/dennislay/Downloads/kintsugi-grc/synthetic_test_env/banking_production_env/etc/crypto-policies', 'children': 0}
[2026-08-11 15:41:25] [INFO] [ACCESS_TRAVERSE] Traversed directory: /Users/dennislay/Downloads/kintsugi-grc/synthetic_test_env/banking_production_env/etc/crypto-policies/state (1 children found) | Details: {'dir': '/Users/dennislay/Downloads/kintsugi-grc/synthetic_test_env/banking_production_env/etc/crypto-policies/state', 'children': 1}
[2026-08-11 15:41:25] [INFO] [ACCESS_READ] Read 7 bytes from file: /Users/dennislay/Downloads/kintsugi-grc/synthetic_test_env/banking_production_env/etc/crypto-policies/state/current | Details: {'bytes': 7, 'permissions': '0o644'}
[2026-08-11 15:41:25] [INFO] [ACCESS_TRAVERSE] Traversed directory: /Users/dennislay/Downloads/kintsugi-grc/synthetic_test_env/banking_production_env/var (0 children found) | Details: {'dir': '/Users/dennislay/Downloads/kintsugi-grc/synthetic_test_env/banking_production_env/var', 'children': 0}
[2026-08-11 15:41:25] [INFO] [ACCESS_TRAVERSE] Traversed directory: /Users/dennislay/Downloads/kintsugi-grc/synthetic_test_env/banking_production_env/var/log (0 children found) | Details: {'dir': '/Users/dennislay/Downloads/kintsugi-grc/synthetic_test_env/banking_production_env/var/log', 'children': 0}
[2026-08-11 15:41:25] [INFO] [ACCESS_TRAVERSE] Traversed directory: /Users/dennislay/Downloads/kintsugi-grc/synthetic_test_env/banking_production_env/var/log/audit (1 children found) | Details: {'dir': '/Users/dennislay/Downloads/kintsugi-grc/synthetic_test_env/banking_production_env/var/log/audit', 'children': 1}
[2026-08-11 15:41:25] [INFO] [ACCESS_READ] Read 7100 bytes from file: /Users/dennislay/Downloads/kintsugi-grc/synthetic_test_env/banking_production_env/var/log/audit/audit.log | Details: {'bytes': 7100, 'permissions': '0o666'}
[2026-08-11 15:41:25] [INFO] [RULE_EVALUATION] Evaluated rule 'INSECURE_AUDIT_LOG_PERMISSIONS' on /Users/dennislay/Downloads/kintsugi-grc/synthetic_test_env/banking_production_env/var/log/audit/audit.log -> Status: HIGH | Details: {'mode': '0o666'}
[2026-08-11 15:41:25] [INFO] [ACCESS_TRAVERSE] Traversed directory: /Users/dennislay/Downloads/kintsugi-grc/synthetic_test_env/banking_production_env/treasury_ops (3 children found) | Details: {'dir': '/Users/dennislay/Downloads/kintsugi-grc/synthetic_test_env/banking_production_env/treasury_ops', 'children': 3}
[2026-08-11 15:41:25] [INFO] [ACCESS_READ] Read 59082 bytes from file: /Users/dennislay/Downloads/kintsugi-grc/synthetic_test_env/banking_production_env/treasury_ops/patient_consent_forms.asc | Details: {'bytes': 59082, 'permissions': '0o600'}
[2026-08-11 15:41:25] [INFO] [RULE_EVALUATION] Evaluated rule 'ENCRYPTED_COMPLIANT_AES_256_CBC' on /Users/dennislay/Downloads/kintsugi-grc/synthetic_test_env/banking_production_env/treasury_ops/patient_consent_forms.asc -> Status: PASS | Details: {'decoded_entropy': 7.996}
[2026-08-11 15:41:25] [INFO] [ACCESS_READ] Read 32 bytes from file: /Users/dennislay/Downloads/kintsugi-grc/synthetic_test_env/banking_production_env/treasury_ops/patient_access_token.bin | Details: {'bytes': 32, 'permissions': '0o600'}
[2026-08-11 15:41:25] [INFO] [RULE_EVALUATION] Evaluated rule 'ENCRYPTED_COMPLIANT_AES_256_CBC' on /Users/dennislay/Downloads/kintsugi-grc/synthetic_test_env/banking_production_env/treasury_ops/patient_access_token.bin -> Status: PASS | Details: {'size': 32}
[2026-08-11 15:41:25] [INFO] [ACCESS_READ] Read 51058 bytes from file: /Users/dennislay/Downloads/kintsugi-grc/synthetic_test_env/banking_production_env/treasury_ops/patient_encounters_2026.csv | Details: {'bytes': 51058, 'permissions': '0o640'}
[2026-08-11 15:41:25] [INFO] [RULE_EVALUATION] Evaluated rule 'ENCRYPTED_COMPLIANT_AES_256_CBC' on /Users/dennislay/Downloads/kintsugi-grc/synthetic_test_env/banking_production_env/treasury_ops/patient_encounters_2026.csv -> Status: PASS | Details: {'body_entropy': 7.996}
[2026-08-11 15:41:25] [INFO] [ACCESS_TRAVERSE] Traversed directory: /Users/dennislay/Downloads/kintsugi-grc/synthetic_test_env/.keys (5 children found) | Details: {'dir': '/Users/dennislay/Downloads/kintsugi-grc/synthetic_test_env/.keys', 'children': 5}
[2026-08-11 15:41:25] [INFO] [ACCESS_TRAVERSE] Traversed directory: /Users/dennislay/Downloads/kintsugi-grc/synthetic_test_env/finance_production_env (1 children found) | Details: {'dir': '/Users/dennislay/Downloads/kintsugi-grc/synthetic_test_env/finance_production_env', 'children': 1}
[2026-08-11 15:41:25] [INFO] [ACCESS_TRAVERSE] Traversed directory: /Users/dennislay/Downloads/kintsugi-grc/synthetic_test_env/finance_production_env/core_ledger (1 children found) | Details: {'dir': '/Users/dennislay/Downloads/kintsugi-grc/synthetic_test_env/finance_production_env/core_ledger', 'children': 1}
[2026-08-11 15:41:25] [INFO] [ACCESS_READ] Read 2810 bytes from file: /Users/dennislay/Downloads/kintsugi-grc/synthetic_test_env/finance_production_env/core_ledger/merchant_copay_ledger.csv | Details: {'bytes': 2810, 'permissions': '0o777'}
[2026-08-11 15:41:25] [INFO] [RULE_EVALUATION] Evaluated rule 'PERMISSIVE_ACCESS_CONTROL_WORLD_WRITABLE' on /Users/dennislay/Downloads/kintsugi-grc/synthetic_test_env/finance_production_env/core_ledger/merchant_copay_ledger.csv -> Status: CRITICAL | Details: {'mode': '0o777', 'uid': '501'}
[2026-08-11 15:41:25] [INFO] [RULE_EVALUATION] Evaluated rule 'UNENCRYPTED_SENSITIVE_DATA_PHI_PAN' on /Users/dennislay/Downloads/kintsugi-grc/synthetic_test_env/finance_production_env/core_ledger/merchant_copay_ledger.csv -> Status: CRITICAL | Details: {'pans': 50, 'ssns': 50}
[2026-08-11 15:41:25] [INFO] [ACCESS_TRAVERSE] Traversed directory: /Users/dennislay/Downloads/kintsugi-grc/synthetic_test_env/finance_production_env/wire_transfers (2 children found) | Details: {'dir': '/Users/dennislay/Downloads/kintsugi-grc/synthetic_test_env/finance_production_env/wire_transfers', 'children': 2}
[2026-08-11 15:41:25] [INFO] [ACCESS_READ] Read 98322 bytes from file: /Users/dennislay/Downloads/kintsugi-grc/synthetic_test_env/finance_production_env/wire_transfers/swift_wire_batch_20260810.dat | Details: {'bytes': 98322, 'permissions': '0o600'}
[2026-08-11 15:41:25] [INFO] [RULE_EVALUATION] Evaluated rule 'ENCRYPTED_COMPLIANT_AES_256_CBC' on /Users/dennislay/Downloads/kintsugi-grc/synthetic_test_env/finance_production_env/wire_transfers/swift_wire_batch_20260810.dat -> Status: PASS | Details: {'entropy': 7.998}
[2026-08-11 15:41:25] [INFO] [ACCESS_READ] Read 3216 bytes from file: /Users/dennislay/Downloads/kintsugi-grc/synthetic_test_env/finance_production_env/wire_transfers/ach_settlement_log.csv | Details: {'bytes': 3216, 'permissions': '0o644'}
[2026-08-11 15:41:25] [INFO] [ACCESS_TRAVERSE] Traversed directory: /Users/dennislay/Downloads/kintsugi-grc/synthetic_test_env/finance_production_env/system_backups (3 children found) | Details: {'dir': '/Users/dennislay/Downloads/kintsugi-grc/synthetic_test_env/finance_production_env/system_backups', 'children': 3}
[2026-08-11 15:41:25] [INFO] [ACCESS_READ] Read 543 bytes from file: /Users/dennislay/Downloads/kintsugi-grc/synthetic_test_env/finance_production_env/system_backups/audit_log_archive.csv.zlib | Details: {'bytes': 543, 'permissions': '0o640'}
[2026-08-11 15:41:25] [INFO] [RULE_EVALUATION] Evaluated rule 'UNENCRYPTED_RAW_ZLIB_STREAM' on /Users/dennislay/Downloads/kintsugi-grc/synthetic_test_env/finance_production_env/system_backups/audit_log_archive.csv.zlib -> Status: HIGH | Details: {'entropy': 3.9}
[2026-08-11 15:41:25] [INFO] [ACCESS_READ] Read 3436 bytes from file: /Users/dennislay/Downloads/kintsugi-grc/synthetic_test_env/finance_production_env/system_backups/unencrypted_patient_export.zip | Details: {'bytes': 3436, 'permissions': '0o644'}
[2026-08-11 15:41:25] [INFO] [RULE_EVALUATION] Evaluated rule 'UNENCRYPTED_SENSITIVE_DATA_PHI_PAN' on /Users/dennislay/Downloads/kintsugi-grc/synthetic_test_env/finance_production_env/system_backups/unencrypted_patient_export.zip -> Status: CRITICAL | Details: {'files': ['cleartext_patient_records.csv']}
[2026-08-11 15:41:25] [INFO] [ACCESS_READ] Read 10341 bytes from file: /Users/dennislay/Downloads/kintsugi-grc/synthetic_test_env/finance_production_env/system_backups/decompression_safety_check.zip | Details: {'bytes': 10341, 'permissions': '0o644'}
[2026-08-11 15:41:25] [INFO] [RULE_EVALUATION] Evaluated rule 'DECOMPRESSION_SAFETY_BOMB_TEST' on /Users/dennislay/Downloads/kintsugi-grc/synthetic_test_env/finance_production_env/system_backups/decompression_safety_check.zip -> Status: MEDIUM | Details: {'compressed_bytes': 10341, 'uncompressed_bytes': 10485760, 'ratio': 1014.0}
[2026-08-11 15:41:25] [INFO] [ACCESS_TRAVERSE] Traversed directory: /Users/dennislay/Downloads/kintsugi-grc/synthetic_test_env/finance_production_env/etc (3 children found) | Details: {'dir': '/Users/dennislay/Downloads/kintsugi-grc/synthetic_test_env/finance_production_env/etc', 'children': 3}
[2026-08-11 15:41:25] [INFO] [ACCESS_READ] Read 53 bytes from file: /Users/dennislay/Downloads/kintsugi-grc/synthetic_test_env/finance_production_env/etc/group | Details: {'bytes': 53, 'permissions': '0o644'}
[2026-08-11 15:41:25] [INFO] [ACCESS_READ] Read 52 bytes from file: /Users/dennislay/Downloads/kintsugi-grc/synthetic_test_env/finance_production_env/etc/login.defs | Details: {'bytes': 52, 'permissions': '0o644'}
[2026-08-11 15:41:25] [INFO] [ACCESS_READ] Read 179 bytes from file: /Users/dennislay/Downloads/kintsugi-grc/synthetic_test_env/finance_production_env/etc/passwd | Details: {'bytes': 179, 'permissions': '0o644'}
[2026-08-11 15:41:25] [INFO] [ACCESS_TRAVERSE] Traversed directory: /Users/dennislay/Downloads/kintsugi-grc/synthetic_test_env/finance_production_env/etc/ssl (1 children found) | Details: {'dir': '/Users/dennislay/Downloads/kintsugi-grc/synthetic_test_env/finance_production_env/etc/ssl', 'children': 1}
[2026-08-11 15:41:25] [INFO] [ACCESS_READ] Read 262 bytes from file: /Users/dennislay/Downloads/kintsugi-grc/synthetic_test_env/finance_production_env/etc/ssl/openssl.cnf | Details: {'bytes': 262, 'permissions': '0o644'}
[2026-08-11 15:41:25] [INFO] [ACCESS_TRAVERSE] Traversed directory: /Users/dennislay/Downloads/kintsugi-grc/synthetic_test_env/finance_production_env/etc/ad (2 children found) | Details: {'dir': '/Users/dennislay/Downloads/kintsugi-grc/synthetic_test_env/finance_production_env/etc/ad', 'children': 2}
[2026-08-11 15:41:25] [INFO] [ACCESS_READ] Read 1638 bytes from file: /Users/dennislay/Downloads/kintsugi-grc/synthetic_test_env/finance_production_env/etc/ad/ad_sid_uid_map.json | Details: {'bytes': 1638, 'permissions': '0o644'}
[2026-08-11 15:41:25] [INFO] [ACCESS_READ] Read 1993 bytes from file: /Users/dennislay/Downloads/kintsugi-grc/synthetic_test_env/finance_production_env/etc/ad/ad_users_export.csv | Details: {'bytes': 1993, 'permissions': '0o644'}
[2026-08-11 15:41:25] [INFO] [ACCESS_TRAVERSE] Traversed directory: /Users/dennislay/Downloads/kintsugi-grc/synthetic_test_env/finance_production_env/etc/security (1 children found) | Details: {'dir': '/Users/dennislay/Downloads/kintsugi-grc/synthetic_test_env/finance_production_env/etc/security', 'children': 1}
[2026-08-11 15:41:25] [INFO] [ACCESS_READ] Read 392 bytes from file: /Users/dennislay/Downloads/kintsugi-grc/synthetic_test_env/finance_production_env/etc/security/schannel_tls_policy.json | Details: {'bytes': 392, 'permissions': '0o644'}
[2026-08-11 15:41:25] [INFO] [ACCESS_TRAVERSE] Traversed directory: /Users/dennislay/Downloads/kintsugi-grc/synthetic_test_env/finance_production_env/etc/ssh (1 children found) | Details: {'dir': '/Users/dennislay/Downloads/kintsugi-grc/synthetic_test_env/finance_production_env/etc/ssh', 'children': 1}
[2026-08-11 15:41:25] [INFO] [ACCESS_READ] Read 181 bytes from file: /Users/dennislay/Downloads/kintsugi-grc/synthetic_test_env/finance_production_env/etc/ssh/sshd_config | Details: {'bytes': 181, 'permissions': '0o644'}
[2026-08-11 15:41:25] [INFO] [ACCESS_TRAVERSE] Traversed directory: /Users/dennislay/Downloads/kintsugi-grc/synthetic_test_env/finance_production_env/etc/nginx (0 children found) | Details: {'dir': '/Users/dennislay/Downloads/kintsugi-grc/synthetic_test_env/finance_production_env/etc/nginx', 'children': 0}
[2026-08-11 15:41:25] [INFO] [ACCESS_TRAVERSE] Traversed directory: /Users/dennislay/Downloads/kintsugi-grc/synthetic_test_env/finance_production_env/etc/nginx/conf.d (1 children found) | Details: {'dir': '/Users/dennislay/Downloads/kintsugi-grc/synthetic_test_env/finance_production_env/etc/nginx/conf.d', 'children': 1}
[2026-08-11 15:41:25] [INFO] [ACCESS_READ] Read 196 bytes from file: /Users/dennislay/Downloads/kintsugi-grc/synthetic_test_env/finance_production_env/etc/nginx/conf.d/ssl_policy.conf | Details: {'bytes': 196, 'permissions': '0o644'}
[2026-08-11 15:41:25] [INFO] [ACCESS_TRAVERSE] Traversed directory: /Users/dennislay/Downloads/kintsugi-grc/synthetic_test_env/finance_production_env/etc/registry (1 children found) | Details: {'dir': '/Users/dennislay/Downloads/kintsugi-grc/synthetic_test_env/finance_production_env/etc/registry', 'children': 1}
[2026-08-11 15:41:25] [INFO] [ACCESS_READ] Read 498 bytes from file: /Users/dennislay/Downloads/kintsugi-grc/synthetic_test_env/finance_production_env/etc/registry/hklm_schannel_export.reg | Details: {'bytes': 498, 'permissions': '0o644'}
[2026-08-11 15:41:25] [INFO] [ACCESS_TRAVERSE] Traversed directory: /Users/dennislay/Downloads/kintsugi-grc/synthetic_test_env/finance_production_env/etc/crypto-policies (0 children found) | Details: {'dir': '/Users/dennislay/Downloads/kintsugi-grc/synthetic_test_env/finance_production_env/etc/crypto-policies', 'children': 0}
[2026-08-11 15:41:25] [INFO] [ACCESS_TRAVERSE] Traversed directory: /Users/dennislay/Downloads/kintsugi-grc/synthetic_test_env/finance_production_env/etc/crypto-policies/state (1 children found) | Details: {'dir': '/Users/dennislay/Downloads/kintsugi-grc/synthetic_test_env/finance_production_env/etc/crypto-policies/state', 'children': 1}
[2026-08-11 15:41:25] [INFO] [ACCESS_READ] Read 7 bytes from file: /Users/dennislay/Downloads/kintsugi-grc/synthetic_test_env/finance_production_env/etc/crypto-policies/state/current | Details: {'bytes': 7, 'permissions': '0o644'}
[2026-08-11 15:41:25] [INFO] [ACCESS_TRAVERSE] Traversed directory: /Users/dennislay/Downloads/kintsugi-grc/synthetic_test_env/finance_production_env/var (0 children found) | Details: {'dir': '/Users/dennislay/Downloads/kintsugi-grc/synthetic_test_env/finance_production_env/var', 'children': 0}
[2026-08-11 15:41:25] [INFO] [ACCESS_TRAVERSE] Traversed directory: /Users/dennislay/Downloads/kintsugi-grc/synthetic_test_env/finance_production_env/var/log (0 children found) | Details: {'dir': '/Users/dennislay/Downloads/kintsugi-grc/synthetic_test_env/finance_production_env/var/log', 'children': 0}
[2026-08-11 15:41:25] [INFO] [ACCESS_TRAVERSE] Traversed directory: /Users/dennislay/Downloads/kintsugi-grc/synthetic_test_env/finance_production_env/var/log/audit (1 children found) | Details: {'dir': '/Users/dennislay/Downloads/kintsugi-grc/synthetic_test_env/finance_production_env/var/log/audit', 'children': 1}
[2026-08-11 15:41:25] [INFO] [ACCESS_READ] Read 7100 bytes from file: /Users/dennislay/Downloads/kintsugi-grc/synthetic_test_env/finance_production_env/var/log/audit/audit.log | Details: {'bytes': 7100, 'permissions': '0o666'}
[2026-08-11 15:41:25] [INFO] [RULE_EVALUATION] Evaluated rule 'INSECURE_AUDIT_LOG_PERMISSIONS' on /Users/dennislay/Downloads/kintsugi-grc/synthetic_test_env/finance_production_env/var/log/audit/audit.log -> Status: HIGH | Details: {'mode': '0o666'}
[2026-08-11 15:41:25] [INFO] [ACCESS_TRAVERSE] Traversed directory: /Users/dennislay/Downloads/kintsugi-grc/synthetic_test_env/finance_production_env/treasury_ops (3 children found) | Details: {'dir': '/Users/dennislay/Downloads/kintsugi-grc/synthetic_test_env/finance_production_env/treasury_ops', 'children': 3}
[2026-08-11 15:41:25] [INFO] [ACCESS_READ] Read 59082 bytes from file: /Users/dennislay/Downloads/kintsugi-grc/synthetic_test_env/finance_production_env/treasury_ops/patient_consent_forms.asc | Details: {'bytes': 59082, 'permissions': '0o600'}
[2026-08-11 15:41:25] [INFO] [RULE_EVALUATION] Evaluated rule 'ENCRYPTED_COMPLIANT_AES_256_CBC' on /Users/dennislay/Downloads/kintsugi-grc/synthetic_test_env/finance_production_env/treasury_ops/patient_consent_forms.asc -> Status: PASS | Details: {'decoded_entropy': 7.996}
[2026-08-11 15:41:25] [INFO] [ACCESS_READ] Read 32 bytes from file: /Users/dennislay/Downloads/kintsugi-grc/synthetic_test_env/finance_production_env/treasury_ops/patient_access_token.bin | Details: {'bytes': 32, 'permissions': '0o600'}
[2026-08-11 15:41:25] [INFO] [RULE_EVALUATION] Evaluated rule 'ENCRYPTED_COMPLIANT_AES_256_CBC' on /Users/dennislay/Downloads/kintsugi-grc/synthetic_test_env/finance_production_env/treasury_ops/patient_access_token.bin -> Status: PASS | Details: {'size': 32}
[2026-08-11 15:41:25] [INFO] [ACCESS_READ] Read 51058 bytes from file: /Users/dennislay/Downloads/kintsugi-grc/synthetic_test_env/finance_production_env/treasury_ops/patient_encounters_2026.csv | Details: {'bytes': 51058, 'permissions': '0o640'}
[2026-08-11 15:41:25] [INFO] [RULE_EVALUATION] Evaluated rule 'ENCRYPTED_COMPLIANT_AES_256_CBC' on /Users/dennislay/Downloads/kintsugi-grc/synthetic_test_env/finance_production_env/treasury_ops/patient_encounters_2026.csv -> Status: PASS | Details: {'body_entropy': 7.997}
[2026-08-11 15:41:25] [INFO] [ACCESS_TRAVERSE] Traversed directory: /Users/dennislay/Downloads/kintsugi-grc/synthetic_test_env/healthcare_production_env (1 children found) | Details: {'dir': '/Users/dennislay/Downloads/kintsugi-grc/synthetic_test_env/healthcare_production_env', 'children': 1}
[2026-08-11 15:41:25] [INFO] [ACCESS_TRAVERSE] Traversed directory: /Users/dennislay/Downloads/kintsugi-grc/synthetic_test_env/healthcare_production_env/radiology_images (2 children found) | Details: {'dir': '/Users/dennislay/Downloads/kintsugi-grc/synthetic_test_env/healthcare_production_env/radiology_images', 'children': 2}
[2026-08-11 15:41:25] [INFO] [ACCESS_READ] Read 131101 bytes from file: /Users/dennislay/Downloads/kintsugi-grc/synthetic_test_env/healthcare_production_env/radiology_images/chest_xray_20260810_001.png | Details: {'bytes': 131101, 'permissions': '0o644'}
[2026-08-11 15:41:25] [INFO] [ACCESS_READ] Read 131092 bytes from file: /Users/dennislay/Downloads/kintsugi-grc/synthetic_test_env/healthcare_production_env/radiology_images/brain_mri_patient_9021.jpg | Details: {'bytes': 131092, 'permissions': '0o644'}
[2026-08-11 15:41:25] [INFO] [ACCESS_TRAVERSE] Traversed directory: /Users/dennislay/Downloads/kintsugi-grc/synthetic_test_env/healthcare_production_env/internal_policies (1 children found) | Details: {'dir': '/Users/dennislay/Downloads/kintsugi-grc/synthetic_test_env/healthcare_production_env/internal_policies', 'children': 1}
[2026-08-11 15:41:25] [INFO] [ACCESS_READ] Read 91 bytes from file: /Users/dennislay/Downloads/kintsugi-grc/synthetic_test_env/healthcare_production_env/internal_policies/hipaa_safeguards_policy_v4.txt | Details: {'bytes': 91, 'permissions': '0o644'}
[2026-08-11 15:41:25] [INFO] [ACCESS_TRAVERSE] Traversed directory: /Users/dennislay/Downloads/kintsugi-grc/synthetic_test_env/healthcare_production_env/etc (3 children found) | Details: {'dir': '/Users/dennislay/Downloads/kintsugi-grc/synthetic_test_env/healthcare_production_env/etc', 'children': 3}
[2026-08-11 15:41:25] [INFO] [ACCESS_READ] Read 53 bytes from file: /Users/dennislay/Downloads/kintsugi-grc/synthetic_test_env/healthcare_production_env/etc/group | Details: {'bytes': 53, 'permissions': '0o644'}
[2026-08-11 15:41:25] [INFO] [ACCESS_READ] Read 52 bytes from file: /Users/dennislay/Downloads/kintsugi-grc/synthetic_test_env/healthcare_production_env/etc/login.defs | Details: {'bytes': 52, 'permissions': '0o644'}
[2026-08-11 15:41:25] [INFO] [ACCESS_READ] Read 179 bytes from file: /Users/dennislay/Downloads/kintsugi-grc/synthetic_test_env/healthcare_production_env/etc/passwd | Details: {'bytes': 179, 'permissions': '0o644'}
[2026-08-11 15:41:25] [INFO] [ACCESS_TRAVERSE] Traversed directory: /Users/dennislay/Downloads/kintsugi-grc/synthetic_test_env/healthcare_production_env/etc/ssl (1 children found) | Details: {'dir': '/Users/dennislay/Downloads/kintsugi-grc/synthetic_test_env/healthcare_production_env/etc/ssl', 'children': 1}
[2026-08-11 15:41:25] [INFO] [ACCESS_READ] Read 262 bytes from file: /Users/dennislay/Downloads/kintsugi-grc/synthetic_test_env/healthcare_production_env/etc/ssl/openssl.cnf | Details: {'bytes': 262, 'permissions': '0o644'}
[2026-08-11 15:41:25] [INFO] [ACCESS_TRAVERSE] Traversed directory: /Users/dennislay/Downloads/kintsugi-grc/synthetic_test_env/healthcare_production_env/etc/ad (2 children found) | Details: {'dir': '/Users/dennislay/Downloads/kintsugi-grc/synthetic_test_env/healthcare_production_env/etc/ad', 'children': 2}
[2026-08-11 15:41:25] [INFO] [ACCESS_READ] Read 1638 bytes from file: /Users/dennislay/Downloads/kintsugi-grc/synthetic_test_env/healthcare_production_env/etc/ad/ad_sid_uid_map.json | Details: {'bytes': 1638, 'permissions': '0o644'}
[2026-08-11 15:41:25] [INFO] [ACCESS_READ] Read 1993 bytes from file: /Users/dennislay/Downloads/kintsugi-grc/synthetic_test_env/healthcare_production_env/etc/ad/ad_users_export.csv | Details: {'bytes': 1993, 'permissions': '0o644'}
[2026-08-11 15:41:25] [INFO] [ACCESS_TRAVERSE] Traversed directory: /Users/dennislay/Downloads/kintsugi-grc/synthetic_test_env/healthcare_production_env/etc/security (1 children found) | Details: {'dir': '/Users/dennislay/Downloads/kintsugi-grc/synthetic_test_env/healthcare_production_env/etc/security', 'children': 1}
[2026-08-11 15:41:25] [INFO] [ACCESS_READ] Read 392 bytes from file: /Users/dennislay/Downloads/kintsugi-grc/synthetic_test_env/healthcare_production_env/etc/security/schannel_tls_policy.json | Details: {'bytes': 392, 'permissions': '0o644'}
[2026-08-11 15:41:25] [INFO] [ACCESS_TRAVERSE] Traversed directory: /Users/dennislay/Downloads/kintsugi-grc/synthetic_test_env/healthcare_production_env/etc/ssh (1 children found) | Details: {'dir': '/Users/dennislay/Downloads/kintsugi-grc/synthetic_test_env/healthcare_production_env/etc/ssh', 'children': 1}
[2026-08-11 15:41:25] [INFO] [ACCESS_READ] Read 181 bytes from file: /Users/dennislay/Downloads/kintsugi-grc/synthetic_test_env/healthcare_production_env/etc/ssh/sshd_config | Details: {'bytes': 181, 'permissions': '0o644'}
[2026-08-11 15:41:25] [INFO] [ACCESS_TRAVERSE] Traversed directory: /Users/dennislay/Downloads/kintsugi-grc/synthetic_test_env/healthcare_production_env/etc/nginx (0 children found) | Details: {'dir': '/Users/dennislay/Downloads/kintsugi-grc/synthetic_test_env/healthcare_production_env/etc/nginx', 'children': 0}
[2026-08-11 15:41:25] [INFO] [ACCESS_TRAVERSE] Traversed directory: /Users/dennislay/Downloads/kintsugi-grc/synthetic_test_env/healthcare_production_env/etc/nginx/conf.d (1 children found) | Details: {'dir': '/Users/dennislay/Downloads/kintsugi-grc/synthetic_test_env/healthcare_production_env/etc/nginx/conf.d', 'children': 1}
[2026-08-11 15:41:25] [INFO] [ACCESS_READ] Read 196 bytes from file: /Users/dennislay/Downloads/kintsugi-grc/synthetic_test_env/healthcare_production_env/etc/nginx/conf.d/ssl_policy.conf | Details: {'bytes': 196, 'permissions': '0o644'}
[2026-08-11 15:41:25] [INFO] [ACCESS_TRAVERSE] Traversed directory: /Users/dennislay/Downloads/kintsugi-grc/synthetic_test_env/healthcare_production_env/etc/registry (1 children found) | Details: {'dir': '/Users/dennislay/Downloads/kintsugi-grc/synthetic_test_env/healthcare_production_env/etc/registry', 'children': 1}
[2026-08-11 15:41:25] [INFO] [ACCESS_READ] Read 498 bytes from file: /Users/dennislay/Downloads/kintsugi-grc/synthetic_test_env/healthcare_production_env/etc/registry/hklm_schannel_export.reg | Details: {'bytes': 498, 'permissions': '0o644'}
[2026-08-11 15:41:25] [INFO] [ACCESS_TRAVERSE] Traversed directory: /Users/dennislay/Downloads/kintsugi-grc/synthetic_test_env/healthcare_production_env/etc/crypto-policies (0 children found) | Details: {'dir': '/Users/dennislay/Downloads/kintsugi-grc/synthetic_test_env/healthcare_production_env/etc/crypto-policies', 'children': 0}
[2026-08-11 15:41:25] [INFO] [ACCESS_TRAVERSE] Traversed directory: /Users/dennislay/Downloads/kintsugi-grc/synthetic_test_env/healthcare_production_env/etc/crypto-policies/state (1 children found) | Details: {'dir': '/Users/dennislay/Downloads/kintsugi-grc/synthetic_test_env/healthcare_production_env/etc/crypto-policies/state', 'children': 1}
[2026-08-11 15:41:25] [INFO] [ACCESS_READ] Read 7 bytes from file: /Users/dennislay/Downloads/kintsugi-grc/synthetic_test_env/healthcare_production_env/etc/crypto-policies/state/current | Details: {'bytes': 7, 'permissions': '0o644'}
[2026-08-11 15:41:25] [INFO] [ACCESS_TRAVERSE] Traversed directory: /Users/dennislay/Downloads/kintsugi-grc/synthetic_test_env/healthcare_production_env/var (0 children found) | Details: {'dir': '/Users/dennislay/Downloads/kintsugi-grc/synthetic_test_env/healthcare_production_env/var', 'children': 0}
[2026-08-11 15:41:25] [INFO] [ACCESS_TRAVERSE] Traversed directory: /Users/dennislay/Downloads/kintsugi-grc/synthetic_test_env/healthcare_production_env/var/log (0 children found) | Details: {'dir': '/Users/dennislay/Downloads/kintsugi-grc/synthetic_test_env/healthcare_production_env/var/log', 'children': 0}
[2026-08-11 15:41:25] [INFO] [ACCESS_TRAVERSE] Traversed directory: /Users/dennislay/Downloads/kintsugi-grc/synthetic_test_env/healthcare_production_env/var/log/audit (1 children found) | Details: {'dir': '/Users/dennislay/Downloads/kintsugi-grc/synthetic_test_env/healthcare_production_env/var/log/audit', 'children': 1}
[2026-08-11 15:41:25] [INFO] [ACCESS_READ] Read 7100 bytes from file: /Users/dennislay/Downloads/kintsugi-grc/synthetic_test_env/healthcare_production_env/var/log/audit/audit.log | Details: {'bytes': 7100, 'permissions': '0o666'}
[2026-08-11 15:41:25] [INFO] [RULE_EVALUATION] Evaluated rule 'INSECURE_AUDIT_LOG_PERMISSIONS' on /Users/dennislay/Downloads/kintsugi-grc/synthetic_test_env/healthcare_production_env/var/log/audit/audit.log -> Status: HIGH | Details: {'mode': '0o666'}
[2026-08-11 15:41:25] [INFO] [ACCESS_TRAVERSE] Traversed directory: /Users/dennislay/Downloads/kintsugi-grc/synthetic_test_env/healthcare_production_env/billing_department (2 children found) | Details: {'dir': '/Users/dennislay/Downloads/kintsugi-grc/synthetic_test_env/healthcare_production_env/billing_department', 'children': 2}
[2026-08-11 15:41:25] [INFO] [ACCESS_READ] Read 2802 bytes from file: /Users/dennislay/Downloads/kintsugi-grc/synthetic_test_env/healthcare_production_env/billing_department/merchant_copay_ledger.csv | Details: {'bytes': 2802, 'permissions': '0o777'}
[2026-08-11 15:41:25] [INFO] [RULE_EVALUATION] Evaluated rule 'PERMISSIVE_ACCESS_CONTROL_WORLD_WRITABLE' on /Users/dennislay/Downloads/kintsugi-grc/synthetic_test_env/healthcare_production_env/billing_department/merchant_copay_ledger.csv -> Status: CRITICAL | Details: {'mode': '0o777', 'uid': '501'}
[2026-08-11 15:41:25] [INFO] [RULE_EVALUATION] Evaluated rule 'UNENCRYPTED_SENSITIVE_DATA_PHI_PAN' on /Users/dennislay/Downloads/kintsugi-grc/synthetic_test_env/healthcare_production_env/billing_department/merchant_copay_ledger.csv -> Status: CRITICAL | Details: {'pans': 50, 'ssns': 50}
[2026-08-11 15:41:25] [INFO] [ACCESS_READ] Read 5137 bytes from file: /Users/dennislay/Downloads/kintsugi-grc/synthetic_test_env/healthcare_production_env/billing_department/claims_export_2026_q2.csv | Details: {'bytes': 5137, 'permissions': '0o644'}
[2026-08-11 15:41:25] [INFO] [RULE_EVALUATION] Evaluated rule 'UNENCRYPTED_SENSITIVE_DATA_PHI_PAN' on /Users/dennislay/Downloads/kintsugi-grc/synthetic_test_env/healthcare_production_env/billing_department/claims_export_2026_q2.csv -> Status: CRITICAL | Details: {'pans': 100, 'ssns': 100}
[2026-08-11 15:41:25] [INFO] [ACCESS_TRAVERSE] Traversed directory: /Users/dennislay/Downloads/kintsugi-grc/synthetic_test_env/healthcare_production_env/patient_records (4 children found) | Details: {'dir': '/Users/dennislay/Downloads/kintsugi-grc/synthetic_test_env/healthcare_production_env/patient_records', 'children': 4}
[2026-08-11 15:41:25] [INFO] [ACCESS_READ] Read 59082 bytes from file: /Users/dennislay/Downloads/kintsugi-grc/synthetic_test_env/healthcare_production_env/patient_records/patient_consent_forms.asc | Details: {'bytes': 59082, 'permissions': '0o600'}
[2026-08-11 15:41:25] [INFO] [RULE_EVALUATION] Evaluated rule 'ENCRYPTED_COMPLIANT_AES_256_CBC' on /Users/dennislay/Downloads/kintsugi-grc/synthetic_test_env/healthcare_production_env/patient_records/patient_consent_forms.asc -> Status: PASS | Details: {'decoded_entropy': 7.996}
[2026-08-11 15:41:25] [INFO] [ACCESS_READ] Read 32 bytes from file: /Users/dennislay/Downloads/kintsugi-grc/synthetic_test_env/healthcare_production_env/patient_records/patient_access_token.bin | Details: {'bytes': 32, 'permissions': '0o600'}
[2026-08-11 15:41:25] [INFO] [RULE_EVALUATION] Evaluated rule 'ENCRYPTED_COMPLIANT_AES_256_CBC' on /Users/dennislay/Downloads/kintsugi-grc/synthetic_test_env/healthcare_production_env/patient_records/patient_access_token.bin -> Status: PASS | Details: {'size': 32}
[2026-08-11 15:41:25] [INFO] [ACCESS_READ] Read 51058 bytes from file: /Users/dennislay/Downloads/kintsugi-grc/synthetic_test_env/healthcare_production_env/patient_records/patient_encounters_2026.csv | Details: {'bytes': 51058, 'permissions': '0o640'}
[2026-08-11 15:41:25] [INFO] [RULE_EVALUATION] Evaluated rule 'ENCRYPTED_COMPLIANT_AES_256_CBC' on /Users/dennislay/Downloads/kintsugi-grc/synthetic_test_env/healthcare_production_env/patient_records/patient_encounters_2026.csv -> Status: PASS | Details: {'body_entropy': 7.996}
[2026-08-11 15:41:25] [INFO] [ACCESS_READ] Read 184258 bytes from file: /Users/dennislay/Downloads/kintsugi-grc/synthetic_test_env/healthcare_production_env/patient_records/ehr_db_master.gpg | Details: {'bytes': 184258, 'permissions': '0o600'}
[2026-08-11 15:41:25] [INFO] [RULE_EVALUATION] Evaluated rule 'ENCRYPTED_COMPLIANT_AES_256_CBC' on /Users/dennislay/Downloads/kintsugi-grc/synthetic_test_env/healthcare_production_env/patient_records/ehr_db_master.gpg -> Status: PASS | Details: {'entropy': 7.999}
[2026-08-11 15:41:25] [INFO] [WRITE_EVENT] Wrote 187851 bytes to /Users/dennislay/Downloads/kintsugi-grc/scan_report.json (Structured JSON Scan Findings Report) | Details: {'target': '/Users/dennislay/Downloads/kintsugi-grc/scan_report.json', 'bytes': 187851}
[2026-08-11 15:41:25] [INFO] [WRITE_EVENT] Wrote 6204 bytes to /Users/dennislay/Downloads/kintsugi-grc/scan_report.pdf (PDF Compliance Audit Report) | Details: {'target': '/Users/dennislay/Downloads/kintsugi-grc/scan_report.pdf', 'bytes': 6204}
[2026-08-11 15:41:25] [INFO] [QA_ASSERTION] QA Assertion Match Rate: 100.0% (36/36 expected violations detected) | Details: {'status': 'COMPARED', 'total_expected_violations': 36, 'detected_violations': 36, 'match_rate': 100.0, 'missed_paths': []}
[2026-08-11 15:41:25] [INFO] [SUMMARY] Scan completed in 0.166s. Scanned 83 files (83 read events, 65 rule evaluations). Generated 65 findings. | Details: {'elapsed_seconds': 0.166, 'files_scanned': 83, 'total_findings': 65}
